{
  "version": "1.5.0",
  "plugins_used": [
    {
      "name": "ArtifactoryDetector"
    },
    {
      "name": "AWSKeyDetector"
    },
    {
      "name": "AzureStorageKeyDetector"
    },
    {
      "name": "Base64HighEntropyString",
      "limit": 4.5
    },
    {
      "name": "BasicAuthDetector"
    },
    {
      "name": "CloudantDetector"
    },
    {
      "name": "DiscordBotTokenDetector"
    },
    {
      "name": "GitHubTokenDetector"
    },
    {
      "name": "GitLabTokenDetector"
    },
    {
      "name": "HexHighEntropyString",
      "limit": 3.0
    },
    {
      "name": "IbmCloudIamDetector"
    },
    {
      "name": "IbmCosHmacDetector"
    },
    {
      "name": "IPPublicDetector"
    },
    {
      "name": "JwtTokenDetector"
    },
    {
      "name": "KeywordDetector",
      "keyword_exclude": ""
    },
    {
      "name": "MailchimpDetector"
    },
    {
      "name": "NpmDetector"
    },
    {
      "name": "OpenAIDetector"
    },
    {
      "name": "PrivateKeyDetector"
    },
    {
      "name": "PypiTokenDetector"
    },
    {
      "name": "SendGridDetector"
    },
    {
      "name": "SlackDetector"
    },
    {
      "name": "SoftlayerDetector"
    },
    {
      "name": "SquareOAuthDetector"
    },
    {
      "name": "StripeDetector"
    },
    {
      "name": "TelegramBotTokenDetector"
    },
    {
      "name": "TwilioKeyDetector"
    }
  ],
  "filters_used": [
    {
      "path": "detect_secrets.filters.allowlist.is_line_allowlisted"
    },
    {
      "path": "detect_secrets.filters.common.is_baseline_file",
      "filename": ".secrets.baseline"
    },
    {
      "path": "detect_secrets.filters.common.is_ignored_due_to_verification_policies",
      "min_level": 2
    },
    {
      "path": "detect_secrets.filters.heuristic.is_indirect_reference"
    },
    {
      "path": "detect_secrets.filters.heuristic.is_likely_id_string"
    },
    {
      "path": "detect_secrets.filters.heuristic.is_lock_file"
    },
    {
      "path": "detect_secrets.filters.heuristic.is_not_alphanumeric_string"
    },
    {
      "path": "detect_secrets.filters.heuristic.is_potential_uuid"
    },
    {
      "path": "detect_secrets.filters.heuristic.is_prefixed_with_dollar_sign"
    },
    {
      "path": "detect_secrets.filters.heuristic.is_sequential_string"
    },
    {
      "path": "detect_secrets.filters.heuristic.is_swagger_file"
    },
    {
      "path": "detect_secrets.filters.heuristic.is_templated_secret"
    },
    {
      "path": "detect_secrets.filters.regex.should_exclude_file",
      "pattern": [
        "\\.env$|\\.json$|\\.csv$|\\.md$|\\.zip$"
      ]
    }
  ],
  "results": {
    "core/tests/test_config_credentials.py": [
      {
        "type": "Secret Keyword",
        "filename": "core/tests/test_config_credentials.py",
        "hashed_secret": "b29434c3138302d351367160e93ecd12a76a9b1d",
        "is_verified": false,
        "line_number": 33
      },
      {
        "type": "Secret Keyword",
        "filename": "core/tests/test_config_credentials.py",
        "hashed_secret": "0ed76a021de7de59ede95fd00b2798ec8f50fcb9",
        "is_verified": false,
        "line_number": 38
      },
      {
        "type": "Secret Keyword",
        "filename": "core/tests/test_config_credentials.py",
        "hashed_secret": "5c2d4e4f722640498c42579c148f5f6edf26e7cb",
        "is_verified": false,
        "line_number": 43
      },
      {
        "type": "Secret Keyword",
        "filename": "core/tests/test_config_credentials.py",
        "hashed_secret": "e9e68e28123fb742a2db5438bd16061ff8973a88",
        "is_verified": false,
        "line_number": 48
      }
    ],
    "examples/weekly-trade-strategy/skills/earnings-calendar/scripts/fetch_earnings_fmp.py": [
      {
        "type": "Secret Keyword",
        "filename": "examples/weekly-trade-strategy/skills/earnings-calendar/scripts/fetch_earnings_fmp.py",
        "hashed_secret": "6d9c68c603e465077bdd49c62347fe54717f83a3",
        "is_verified": false,
        "line_number": 10
      }
    ],
    "external-skills/claude-trading-skills/examples/weekly-trade-strategy/skills/earnings-calendar/scripts/fetch_earnings_fmp.py": [
      {
        "type": "Secret Keyword",
        "filename": "external-skills/claude-trading-skills/examples/weekly-trade-strategy/skills/earnings-calendar/scripts/fetch_earnings_fmp.py",
        "hashed_secret": "6d9c68c603e465077bdd49c62347fe54717f83a3",
        "is_verified": false,
        "line_number": 10
      }
    ],
    "external-skills/claude-trading-skills/skills/earnings-calendar/scripts/fetch_earnings_fmp.py": [
      {
        "type": "Secret Keyword",
        "filename": "external-skills/claude-trading-skills/skills/earnings-calendar/scripts/fetch_earnings_fmp.py",
        "hashed_secret": "6d9c68c603e465077bdd49c62347fe54717f83a3",
        "is_verified": false,
        "line_number": 10
      }
    ],
    "external-skills/claude-trading-skills/skills/earnings-calendar/scripts/tests/test_earnings_calendar.py": [
      {
        "type": "Secret Keyword",
        "filename": "external-skills/claude-trading-skills/skills/earnings-calendar/scripts/tests/test_earnings_calendar.py",
        "hashed_secret": "9139236dfe89960fee34d53b6089795fe376682e",
        "is_verified": false,
        "line_number": 25
      }
    ],
    "external-skills/claude-trading-skills/skills/market-top-detector/scripts/tests/test_fmp_client.py": [
      {
        "type": "Secret Keyword",
        "filename": "external-skills/claude-trading-skills/skills/market-top-detector/scripts/tests/test_fmp_client.py",
        "hashed_secret": "00942f4668670f34c5943cf52c7ef3139fe2b8d6",
        "is_verified": false,
        "line_number": 17
      }
    ],
    "external-skills/claude-trading-skills/skills/portfolio-manager/scripts/check_alpaca_connection.py": [
      {
        "type": "Secret Keyword",
        "filename": "external-skills/claude-trading-skills/skills/portfolio-manager/scripts/check_alpaca_connection.py",
        "hashed_secret": "2b09a01471fdbc34d584c57b6347eea4d44099fd",
        "is_verified": false,
        "line_number": 37
      },
      {
        "type": "Secret Keyword",
        "filename": "external-skills/claude-trading-skills/skills/portfolio-manager/scripts/check_alpaca_connection.py",
        "hashed_secret": "bfc5221616fd29387d7413aeb41401391dceefa8",
        "is_verified": false,
        "line_number": 38
      }
    ],
    "external-skills/claude-trading-skills/skills/theme-detector/scripts/tests/test_etf_scanner.py": [
      {
        "type": "Secret Keyword",
        "filename": "external-skills/claude-trading-skills/skills/theme-detector/scripts/tests/test_etf_scanner.py",
        "hashed_secret": "00942f4668670f34c5943cf52c7ef3139fe2b8d6",
        "is_verified": false,
        "line_number": 120
      }
    ],
    "external-skills/claude-trading-skills/skills/theme-detector/scripts/tests/test_representative_stock_selector.py": [
      {
        "type": "Secret Keyword",
        "filename": "external-skills/claude-trading-skills/skills/theme-detector/scripts/tests/test_representative_stock_selector.py",
        "hashed_secret": "a62f2225bf70bfaccbc7f1ef2a397836717377de",
        "is_verified": false,
        "line_number": 779
      }
    ],
    "external-skills/claude-trading-skills/skills/theme-detector/scripts/tests/test_theme_detector_e2e.py": [
      {
        "type": "Secret Keyword",
        "filename": "external-skills/claude-trading-skills/skills/theme-detector/scripts/tests/test_theme_detector_e2e.py",
        "hashed_secret": "b9615cef6cff3572af1365ff44c8b92ea9266f3e",
        "is_verified": false,
        "line_number": 574
      }
    ],
    "scripts/alpaca_client.py": [
      {
        "type": "Secret Keyword",
        "filename": "scripts/alpaca_client.py",
        "hashed_secret": "25e22371a5ad37441495fa94a08be92d22d919c7",
        "is_verified": false,
        "line_number": 42
      }
    ],
    "scripts/tests/test_alpaca_auto_connect.py": [
      {
        "type": "Secret Keyword",
        "filename": "scripts/tests/test_alpaca_auto_connect.py",
        "hashed_secret": "f5c007a71ba874a8541e0fc66c2fd1bdaec92bc8",
        "is_verified": false,
        "line_number": 64
      },
      {
        "type": "Secret Keyword",
        "filename": "scripts/tests/test_alpaca_auto_connect.py",
        "hashed_secret": "a5424a55a97fa1226cb319e31e152729e876ce66",
        "is_verified": false,
        "line_number": 65
      }
    ],
    "scripts/tests/test_alpaca_client.py": [
      {
        "type": "Secret Keyword",
        "filename": "scripts/tests/test_alpaca_client.py",
        "hashed_secret": "1073ab6cda4b991cd29f9e83a307f34004ae9327",
        "is_verified": false,
        "line_number": 46
      },
      {
        "type": "Secret Keyword",
        "filename": "scripts/tests/test_alpaca_client.py",
        "hashed_secret": "3b3e1e1f65975fef23ae250f44ce45937de1ada0",
        "is_verified": false,
        "line_number": 47
      },
      {
        "type": "Secret Keyword",
        "filename": "scripts/tests/test_alpaca_client.py",
        "hashed_secret": "2aae003e7f01a852f797506f32c9e209cb19c15c",
        "is_verified": false,
        "line_number": 56
      },
      {
        "type": "Secret Keyword",
        "filename": "scripts/tests/test_alpaca_client.py",
        "hashed_secret": "19a4372075050ff429c9fd4ee5004354c470b771",
        "is_verified": false,
        "line_number": 57
      },
      {
        "type": "Secret Keyword",
        "filename": "scripts/tests/test_alpaca_client.py",
        "hashed_secret": "a45c2264b8cab0f1e0637f6c44501c0f34f7e227",
        "is_verified": false,
        "line_number": 74
      },
      {
        "type": "Secret Keyword",
        "filename": "scripts/tests/test_alpaca_client.py",
        "hashed_secret": "913a73b565c8e2c8ed94497580f619397709b8b6",
        "is_verified": false,
        "line_number": 144
      }
    ],
    "skills/earnings-calendar/scripts/fetch_earnings_fmp.py": [
      {
        "type": "Secret Keyword",
        "filename": "skills/earnings-calendar/scripts/fetch_earnings_fmp.py",
        "hashed_secret": "6d9c68c603e465077bdd49c62347fe54717f83a3",
        "is_verified": false,
        "line_number": 10
      }
    ],
    "skills/earnings-calendar/scripts/tests/test_earnings_calendar.py": [
      {
        "type": "Secret Keyword",
        "filename": "skills/earnings-calendar/scripts/tests/test_earnings_calendar.py",
        "hashed_secret": "9139236dfe89960fee34d53b6089795fe376682e",
        "is_verified": false,
        "line_number": 25
      }
    ],
    "skills/market-top-detector/scripts/tests/test_fmp_client.py": [
      {
        "type": "Secret Keyword",
        "filename": "skills/market-top-detector/scripts/tests/test_fmp_client.py",
        "hashed_secret": "00942f4668670f34c5943cf52c7ef3139fe2b8d6",
        "is_verified": false,
        "line_number": 17
      }
    ],
    "skills/theme-detector/scripts/tests/test_etf_scanner.py": [
      {
        "type": "Secret Keyword",
        "filename": "skills/theme-detector/scripts/tests/test_etf_scanner.py",
        "hashed_secret": "00942f4668670f34c5943cf52c7ef3139fe2b8d6",
        "is_verified": false,
        "line_number": 120
      }
    ],
    "skills/theme-detector/scripts/tests/test_representative_stock_selector.py": [
      {
        "type": "Secret Keyword",
        "filename": "skills/theme-detector/scripts/tests/test_representative_stock_selector.py",
        "hashed_secret": "a62f2225bf70bfaccbc7f1ef2a397836717377de",
        "is_verified": false,
        "line_number": 779
      }
    ],
    "skills/theme-detector/scripts/tests/test_theme_detector_e2e.py": [
      {
        "type": "Secret Keyword",
        "filename": "skills/theme-detector/scripts/tests/test_theme_detector_e2e.py",
        "hashed_secret": "b9615cef6cff3572af1365ff44c8b92ea9266f3e",
        "is_verified": false,
        "line_number": 413
      }
    ]
  },
  "generated_at": "2026-07-16T05:46:54Z"
}
